// Jest Snapshot v1, https://goo.gl/fbAQLP

exports[`it renders 1`] = `
<h1
  className="root"
>
  title
</h1>
`;
